// Jest Snapshot v1, https://goo.gl/fbAQLP

exports[`src/views/Login.vue should renders correctly 1`] = `
<section
  class="section"
>
  <div
    class="columns"
  >
    <div
      class="column is-4 is-offset-4"
    >
      <div
        class="field"
      >
        <p
          class="control has-icons-left has-icons-right"
        >
          <input
            class="input"
            placeholder="Email"
            type="email"
          />
           
          <span
            class="icon is-small is-left"
          >
            <i
              class="fas fa-envelope"
            />
          </span>
           
          <span
            class="icon is-small is-right"
          >
            <i
              class="fas fa-check"
            />
          </span>
        </p>
      </div>
       
      <div
        class="field"
      >
        <p
          class="control has-icons-left"
        >
          <input
            class="input"
            placeholder="Password"
            type="password"
          />
           
          <span
            class="icon is-small is-left"
          >
            <i
              class="fas fa-lock"
            />
          </span>
        </p>
      </div>
       
      <div
        class="field"
      >
        <p
          class="control"
        >
          <button
            class="button is-success"
          >
            Login
          </button>
        </p>
      </div>
    </div>
  </div>
</section>
`;
