// Jest Snapshot v1, https://goo.gl/fbAQLP

exports[`src/views/Login/Main.vue should renders correctly 1`] = `
<section
  class="hero is-link is-fullheight is-bold"
>
  <div
    class="hero-body"
  >
    <div
      class="column is-desktop is-three-fifths is-offset-one-fifth"
    >
      <form>
        <input-base-stub
          controlclass="control"
          inputclass="input"
          inputplaceholder="Email"
          inputtype="email"
          label=""
        />
         
        <input-base-stub
          controlclass="control"
          inputclass="input"
          inputplaceholder="Password"
          inputtype="password"
          label=""
        />
         
        <button
          class="button is-success"
        >
          Login
        </button>
      </form>
    </div>
  </div>
</section>
`;
