// Jest Snapshot v1, https://goo.gl/fbAQLP

exports[`src/views/Login/Main.vue should renders correctly 1`] = `
<div
  class="columns is-centered is-vcentered"
>
  <div
    class="column is-3 is-offset-0"
  >
    <div
      class="container"
    >
      <div
        class="has-text-centered"
      >
        <img
          class="login-logo"
          src=""
        />
      </div>
       
      <input-base-stub
        controlclass="control"
        inputclass="input"
        inputtype="email"
        label="E-mail"
        value=""
      />
       
      <input-base-stub
        controlclass="control"
        inputclass="input"
        inputtype="password"
        label="Senha"
        value=""
      />
       
      <div
        class="has-text-centered is-pulled-right"
      >
        <a
          class="button is-vcentered is-primary is-outlined"
        >
          Login
        </a>
      </div>
       
      <div
        class="is-vcentered is-pulled-left"
      >
        <a
          href="/register"
        >
          
          Você não tem uma conta? 
          <br />
          
          Crie uma agora
        
        </a>
      </div>
    </div>
  </div>
</div>
`;
